INFO    : PreTeXt-CLI version: 2.6.2

INFO    : PreTeXt project found in `/Users/waltondb/pretext-projects/math232`.
WARNING : Using CLI version 2.6.2 but project's `requirements.txt`
WARNING : is configured to use 1.0.2. Consider either installing
WARNING : CLI version 1.0.2 or running `pretext init --refresh`
WARNING : to update `requirements.txt` to match 2.6.2.
INFO    : Building target web
ERROR   : XInclude Error caused build to fail:
ERROR   : /Users/waltondb/pretext-projects/math232/source/ch_accumulate_intro.ptx:123:113:FATAL:PARSER:ERR_TAG_NAME_MISMATCH: Opening and ending tag mismatch: q line 123 and m
/Users/waltondb/pretext-projects/math232/source/ch_accumulate_intro.ptx:123:147:FATAL:PARSER:ERR_TAG_NAME_MISMATCH: Opening and ending tag mismatch: p line 121 and q
/Users/waltondb/pretext-projects/math232/source/ch_accumulate_intro.ptx:124:25:FATAL:PARSER:ERR_TAG_NAME_MISMATCH: Opening and ending tag mismatch: li line 120 and p
/Users/waltondb/pretext-projects/math232/source/ch_accumulate_intro.ptx:134:22:FATAL:PARSER:ERR_TAG_NAME_MISMATCH: Opening and ending tag mismatch: ol line 87 and li
/Users/waltondb/pretext-projects/math232/source/ch_accumulate_intro.ptx:135:18:FATAL:PARSER:ERR_TAG_NAME_MISMATCH: Opening and ending tag mismatch: p line 85 and ol
/Users/waltondb/pretext-projects/math232/source/ch_accumulate_intro.ptx:136:13:FATAL:PARSER:ERR_TAG_NAME_MISMATCH: Opening and ending tag mismatch: section line 52 and p
/Users/waltondb/pretext-projects/math232/source/ch_accumulate_intro.ptx:171:15:FATAL:PARSER:ERR_TAG_NAME_MISMATCH: Opening and ending tag mismatch: chapter line 5 and section
/Users/waltondb/pretext-projects/math232/source/ch_accumulate_intro.ptx:172:5:FATAL:PARSER:ERR_DOCUMENT_END: Extra content at the end of the document
/Users/waltondb/pretext-projects/math232/source/main.ptx:28:0:ERROR:XINCLUDE:XINCLUDE_NO_FALLBACK: could not load /Users/waltondb/pretext-projects/math232/source/ch_accumulate_intro.ptx, and no fallback was found
CRITICAL: XML syntax for source file is invalid
INFO    : ------------------------
CRITICAL: Failed to build.  Exiting...
INFO    : 
----------------------------------------------------
INFO    : While running pretext, the following errors occurred:

INFO    : (see log messages above or in the 'logs' folder for more information)
INFO    : ----------------------------------------------------
