INFO    : PreTeXt-CLI version: 2.6.2

INFO    : PreTeXt project found in `/Users/waltondb/pretext-projects/math232`.
WARNING : Using CLI version 2.6.2 but project's `requirements.txt`
WARNING : is configured to use 1.0.2. Consider either installing
WARNING : CLI version 1.0.2 or running `pretext init --refresh`
WARNING : to update `requirements.txt` to match 2.6.2.
INFO    : Building target web
ERROR   : XInclude Error caused build to fail:
ERROR   : /Users/waltondb/pretext-projects/math232/source/ch_accumulate_intro.ptx:189:21:FATAL:PARSER:ERR_TAG_NAME_MISMATCH: Opening and ending tag mismatch: q line 187 and p
/Users/waltondb/pretext-projects/math232/source/ch_accumulate_intro.ptx:190:22:FATAL:PARSER:ERR_TAG_NAME_MISMATCH: Opening and ending tag mismatch: p line 186 and assemblage
/Users/waltondb/pretext-projects/math232/source/ch_accumulate_intro.ptx:275:15:FATAL:PARSER:ERR_TAG_NAME_MISMATCH: Opening and ending tag mismatch: assemblage line 181 and section
/Users/waltondb/pretext-projects/math232/source/ch_accumulate_intro.ptx:276:11:FATAL:PARSER:ERR_TAG_NAME_MISMATCH: Opening and ending tag mismatch: section line 172 and chapter
/Users/waltondb/pretext-projects/math232/source/ch_accumulate_intro.ptx:277:1:FATAL:PARSER:ERR_TAG_NOT_FINISHED: Premature end of data in tag chapter line 5
/Users/waltondb/pretext-projects/math232/source/main.ptx:28:0:ERROR:XINCLUDE:XINCLUDE_NO_FALLBACK: could not load /Users/waltondb/pretext-projects/math232/source/ch_accumulate_intro.ptx, and no fallback was found
CRITICAL: XML syntax for source file is invalid
INFO    : ------------------------
CRITICAL: Failed to build.  Exiting...
INFO    : 
----------------------------------------------------
INFO    : While running pretext, the following errors occurred:

INFO    : (see log messages above or in the 'logs' folder for more information)
INFO    : ----------------------------------------------------
