INFO    : PreTeXt-CLI version: 2.6.2

INFO    : PreTeXt project found in `/Users/waltondb/pretext-projects/math232`.
WARNING : Using CLI version 2.6.2 but project's `requirements.txt`
WARNING : is configured to use 1.0.2. Consider either installing
WARNING : CLI version 1.0.2 or running `pretext init --refresh`
WARNING : to update `requirements.txt` to match 2.6.2.
INFO    : Since no target was supplied, we will use "web".

INFO    : Building target web
INFO    : Preparing to build into /Users/waltondb/pretext-projects/math232/output/web.
INFO    : discovering source file's directory name: /Users/waltondb/pretext-projects/math232/source
INFO    : verifying and expanding input directory: /Users/waltondb/pretext-projects/math232/source/../generated-assets
INFO    : input directory expanded to absolute path: /Users/waltondb/pretext-projects/math232/generated-assets
INFO    : verifying and expanding input directory: /Users/waltondb/pretext-projects/math232/source/../assets
INFO    : input directory expanded to absolute path: /Users/waltondb/pretext-projects/math232/assets
INFO    : Runestone Services (via PreTeXt repository): version 7.3.3
INFO    : Runestone Services (using newer, via online CDN query): version 7.4.0
INFO    : Using existing Runestone Services located in /Users/waltondb/pretext-projects/math232/output/web/_static. Delete Runestone files there to force a fresh download.
INFO    : converting /Users/waltondb/pretext-projects/math232/source/main.ptx to HTML in /var/folders/zd/gzr4nlp11mbfp9l3ltllb2xc0000gq/T/ptx-zm05iuvo
INFO    : XSL conversion of /Users/waltondb/pretext-projects/math232/source/main.ptx by /Users/waltondb/.ptx/2.6.2/core/xsl/pretext-html.xsl
INFO    : messages from the log for XSL processing:
WARNING : * PTX:DEPRECATE: (2023-08-08) a "website" element with "address" and "name" children has changed.  Continue to use the "website" element as before, but replace the "address" and "name" children with a single "url" element, which is more flexible and reliable.  We will try to honor your intent, but you may prefer your own adjustments. (1 time)
INFO    : *              located within: "meta_frontmatter" (xml:id)
INFO    : * --------------
INFO    : successful application of /Users/waltondb/.ptx/2.6.2/core/xsl/pretext-html.xsl
INFO    : 
Success! Run `pretext view` to see the results.

INFO    : 
